C51 COMPILER V9.60.0.0   ASLC                                                              12/09/2020 18:42:37 PAGE 1   


C51 COMPILER V9.60.0.0, COMPILATION OF MODULE ASLC
OBJECT MODULE PLACED IN .\Objects\aslc.obj
COMPILER INVOKED BY: S:\Keil\Installation\C51\BIN\C51.EXE aslc.c OPTIMIZE(8,SPEED) BROWSE DEBUG OBJECTEXTEND PRINT(.\Lis
                    -tings\aslc.lst) TABS(2) OBJECT(.\Objects\aslc.obj)

line level    source

   1          #include<reg51.h>
   2          sbit sensor1 = P1^0;
   3          sbit sensor2 = P1^1;
   4          sbit sensor3 = P1^2;
   5          
   6          sbit load1 = P2^0;
   7          sbit load2 = P2^1;
   8          sbit load3 = P2^2;
   9          
  10          sbit ldr = P1^7;
  11          sbit ldrout = P2^3;
  12          
  13          
  14          sbit trigpin = P2^6;
  15          sbit echopin = P2^7;
  16          sbit led1 = P1^5;
  17          sbit led2 = P1^6;
  18          void delay(unsigned int z);
  19          unsigned int distance,i;
  20          
  21          void main(){
  22   1        load1 = load2 = load3 = 0;
  23   1        sensor1 = sensor2 = sensor3 = 0;
  24   1        ldr = ldrout = 0;
  25   1        
  26   1            echopin=1;
  27   1            led1=0;
  28   1            led2=0;
  29   1            trigpin=0;
  30   1            echopin=1;
  31   1      
  32   1            for(i=0;i<20000;i++);
  33   1            TMOD=0x01;
  34   1            TH0=0x00;
  35   1            TL0=0x00;
  36   1        
  37   1        while(1){
  38   2          
  39   2          if(ldr == 0){ // No Light means Night time
  40   3            ldrout = 1; // during night time green led turns on just for indication
  41   3            
  42   3          if(sensor1 == 0 && sensor2 == 0 && sensor3 == 0){
  43   4            load1 = load2 = load3 = 0;
  44   4          }
  45   3          if(sensor1 == 1){
  46   4            load1 = 1;
  47   4          }
  48   3          
  49   3          if(sensor2 == 1){
  50   4            load2 = 1;
  51   4          }
  52   3          
  53   3          if(sensor3 == 1){
  54   4            load3 = 1;
C51 COMPILER V9.60.0.0   ASLC                                                              12/09/2020 18:42:37 PAGE 2   

  55   4          }
  56   3          if(sensor1 == 0){
  57   4            load1 = 0;
  58   4          }
  59   3          
  60   3          if(sensor2 == 0){
  61   4            load2 = 0;
  62   4          }
  63   3          
  64   3          if(sensor3 == 0){
  65   4            load3 = 0;
  66   4          }
  67   3          }
  68   2          else{  // there is a light 
  69   3            ldrout = 0;
  70   3            load1 = load2 = load3 = 0;
  71   3          }  
  72   2      
  73   2      
  74   2                  trigpin=1;
  75   2                  for(i=0;i<=10;i++);
  76   2                  trigpin=0;
  77   2                  while(echopin==0);
  78   2                  TR0=1;
  79   2                  while(echopin==1);
  80   2                  TR0=0;
  81   2      
  82   2                  distance=TH0<<B;
  83   2                  distance=distance+TL0;
  84   2                  distance=distance/5;
  85   2                  TH0=0x00;
  86   2                  TL0=0x00;
  87   2      
  88   2      
  89   2                  for(i=0;i<=20000;i++);
  90   2      
  91   2                  if(distance<25)
  92   2                  {
  93   3                      led1=1; // Consider this, Car is Nearby
  94   3                  }
  95   2                  else
  96   2                  {
  97   3                      led1=0;
  98   3                  }
  99   2      
 100   2                  if(distance>50)
 101   2                  {
 102   3                      led2=1; // Just Ignore
 103   3                  }
 104   2      
 105   2                  else
 106   2                  {
 107   3                      led2=0;
 108   3                  }
 109   2      
 110   2                    
 111   2      }
 112   1      }
 113          
 114          void delay(unsigned int z)
 115          {
 116   1          unsigned int p,q;
C51 COMPILER V9.60.0.0   ASLC                                                              12/09/2020 18:42:37 PAGE 3   

 117   1          for(p=0;p<z;p++)//repeat for 'z' times
 118   1          {
 119   2            for(q=0;q<1375;q++); //repeat for 1375 times
 120   2          }
 121   1      }


MODULE INFORMATION:   STATIC OVERLAYABLE
   CODE SIZE        =    290    ----
   CONSTANT SIZE    =   ----    ----
   XDATA SIZE       =   ----    ----
   PDATA SIZE       =   ----    ----
   DATA SIZE        =      4    ----
   IDATA SIZE       =   ----    ----
   BIT SIZE         =   ----    ----
END OF MODULE INFORMATION.


C51 COMPILATION COMPLETE.  0 WARNING(S),  0 ERROR(S)
